======================================================================
Experiment 2 / Phase 3: allocation policies & Pareto sweep
======================================================================
  n_problems (intersection) = 500
  K=1 uniform acc = 0.4134
  K=2 uniform acc = 0.4132
  K=4 uniform acc = 0.4950
  K=8 uniform acc = 0.5500

=== Policy comparison ===
policy                                                     cov   avgK  acc_ans  overall
  uniform_K1                                               1.000   1.00   0.4134   0.4134
  uniform_K2                                               1.000   2.00   0.4132   0.4132
  uniform_K4                                               1.000   4.00   0.4950   0.4950
  uniform_K8                                               1.000   8.00   0.5500   0.5500
  quartile_prefill_balanced                                1.000   3.75   0.4494   0.4494
  quartile_final_token_balanced                            1.000   3.75   0.4603   0.4603
  quartile_neg_seq_len_balanced                            1.000   3.75   0.4617   0.4617
  quartile_mean_logprob_balanced                           1.000   3.75   0.4557   0.4557
  quartile_random_balanced                                 1.000   3.75   0.4673   0.4673
  quartile_prefill_refuse_and_spend                        0.500   2.50   0.6884   0.3442
  quartile_final_token_refuse_and_spend                    0.500   2.50   0.5741   0.2870
  quartile_neg_seq_len_refuse_and_spend                    0.500   2.50   0.6326   0.3163
  quartile_random_refuse_and_spend                         0.500   2.50   0.4583   0.2291
  quartile_prefill_top_heavy                               1.000   4.50   0.4574   0.4574
  quartile_final_token_top_heavy                           1.000   4.50   0.4716   0.4716
  quartile_neg_seq_len_top_heavy                           1.000   4.50   0.4834   0.4834
  quartile_random_top_heavy                                1.000   4.50   0.4823   0.4823

=== Threshold (prefill) Pareto ===
 tau%   avg_K   overall_acc
     10    1.70        0.4141
     20    2.40        0.4277
     25    2.75        0.4325
     30    3.10        0.4360
     40    3.80        0.4430
     50    4.50        0.4574
     60    5.20        0.4877
     70    5.90        0.5064
     75    6.25        0.5163
     80    6.60        0.5264
     90    7.30        0.5404

Saved: /home/musicofhel/topo-confidence/pathway11_h100/prefill_gated_compute/phase3_policies.json
