======================================================================
Exp 2b / Phase 4: feature ablation
======================================================================

=== logreg ===
  features                                               F1      K   over   D→K1  C→ref   B→K8
  full (prefill_dom + prefill_lpr + seq_len)          0.550   2.36  0.520  0.417  0.661  0.324
  drop prefill_dom                                    0.506   2.16  0.506  0.611  0.561  0.235
  drop prefill_lpr                                    0.550   2.37  0.520  0.417  0.656  0.338
  drop seq_len                                        0.517   2.44  0.510  0.306  0.714  0.265
  only prefill_dom                                    0.525   2.34  0.512  0.306  0.709  0.279
  only prefill_lpr                                    0.363   2.18  0.494  0.389  0.492  0.162
  only seq_len                                        0.514   2.20  0.508  0.611  0.566  0.250
  extended (+ finaltok_dom + finaltok_lpr + mean_logprob)  0.577   2.65  0.528  0.444  0.646  0.412
  prefill_dom + seq_len (no PR)                       0.550   2.37  0.520  0.417  0.656  0.338
  finaltok_dom + seq_len                              0.508   2.61  0.510  0.611  0.503  0.294

=== rf ===
  features                                               F1      K   over   D→K1  C→ref   B→K8
  full (prefill_dom + prefill_lpr + seq_len)          0.490   1.22  0.492  0.444  0.709  0.074
  drop prefill_dom                                    0.426   1.59  0.486  0.500  0.556  0.059
  drop prefill_lpr                                    0.458   1.48  0.490  0.417  0.651  0.074
  drop seq_len                                        0.428   1.55  0.480  0.389  0.608  0.029
  only prefill_dom                                    0.428   2.19  0.494  0.389  0.545  0.147
  only prefill_lpr                                    0.278   1.81  0.474  0.472  0.370  0.029
  only seq_len                                        0.450   2.09  0.484  0.417  0.603  0.118
  extended (+ finaltok_dom + finaltok_lpr + mean_logprob)  0.518   1.22  0.492  0.528  0.725  0.059
  prefill_dom + seq_len (no PR)                       0.458   1.48  0.490  0.417  0.651  0.074
  finaltok_dom + seq_len                              0.428   1.41  0.478  0.556  0.587  0.000

Saved: /home/musicofhel/topo-confidence/pathway11_h100/multi_signal_oracle/phase4_ablation.json

--- drop-one-out impact (vs full, logreg) ---
  drop prefill_dom               Δoverall=-0.014 ΔmacroF1=-0.044 ΔD-recall=+0.194
  drop prefill_lpr               Δoverall=+0.000 ΔmacroF1=+0.000 ΔD-recall=+0.000
  drop seq_len                   Δoverall=-0.010 ΔmacroF1=-0.033 ΔD-recall=-0.111
