n=500, NEW positives=104 (20.8%), 7B positives=81

=== 5-fold out-of-fold AUROC (n=500) ===
                    1.5B_L19_DoM  AUROC=0.752  95%CI=[0.698, 0.806]  AURC=0.635
                      7B_L15_DoM  AUROC=0.792  95%CI=[0.743, 0.839]  AURC=0.624
                      neg_length  AUROC=0.742  95%CI=[0.687, 0.794]  AURC=0.649
             combined_DoM+7B+len  AUROC=0.797  95%CI=[0.748, 0.845]  AURC=0.609
                 combined_DoM+7B  AUROC=0.799  95%CI=[0.750, 0.846]  AURC=0.609
    max_token_prob_cached_256tok  AUROC=0.587  95%CI=[0.532, 0.640]  AURC=0.775
       neg_entropy_cached_256tok  AUROC=0.584  95%CI=[0.528, 0.638]  AURC=0.776

=== Full risk-coverage curves (acc_answered, n=500) ===
  cov     1.5B_L19_DoM      7B_L15_DoM      neg_length  combined_DoM+7  combined_DoM+7  max_token_prob  neg_entropy_ca
 0.10            0.600           0.540           0.560           0.600           0.580           0.200           0.180
 0.15            0.533           0.520           0.493           0.520           0.520           0.213           0.213
 0.20            0.480           0.520           0.450           0.500           0.510           0.200           0.200
 0.25            0.432           0.488           0.448           0.488           0.496           0.224           0.224
 0.30            0.400           0.473           0.413           0.487           0.473           0.227           0.233
 0.35            0.389           0.440           0.389           0.434           0.434           0.234           0.240
 0.40            0.365           0.405           0.370           0.400           0.400           0.250           0.255
 0.45            0.347           0.387           0.333           0.378           0.378           0.258           0.253
 0.50            0.332           0.348           0.320           0.352           0.356           0.260           0.256
 0.55            0.313           0.320           0.302           0.335           0.335           0.255           0.258
 0.60            0.290           0.303           0.290           0.310           0.310           0.253           0.247
 0.65            0.280           0.289           0.271           0.286           0.289           0.255           0.246
 0.70            0.269           0.274           0.260           0.271           0.271           0.251           0.254
 0.75            0.253           0.259           0.253           0.259           0.259           0.243           0.240
 0.80            0.245           0.250           0.245           0.247           0.247           0.240           0.235
 0.85            0.235           0.235           0.231           0.238           0.240           0.233           0.228
 0.90            0.224           0.229           0.224           0.227           0.227           0.227           0.224

=== Bootstrap 95% CI on acc_answered at key coverages (n_boot=2000) ===
                          method   cov k_ans      lo     med      hi
                    1.5B_L19_DoM  0.25   125   0.336   0.432   0.528
                      7B_L15_DoM  0.25   125   0.408   0.496   0.584
                      neg_length  0.25   125   0.352   0.440   0.528
             combined_DoM+7B+len  0.25   125   0.408   0.496   0.584
                 combined_DoM+7B  0.25   125   0.408   0.496   0.584
    max_token_prob_cached_256tok  0.25   125   0.144   0.216   0.296
       neg_entropy_cached_256tok  0.25   125   0.144   0.224   0.296
                    1.5B_L19_DoM  0.50   250   0.272   0.332   0.392
                      7B_L15_DoM  0.50   250   0.280   0.348   0.416
                      neg_length  0.50   250   0.260   0.320   0.380
             combined_DoM+7B+len  0.50   250   0.292   0.352   0.416
                 combined_DoM+7B  0.50   250   0.296   0.356   0.420
    max_token_prob_cached_256tok  0.50   250   0.204   0.256   0.312
       neg_entropy_cached_256tok  0.50   250   0.204   0.256   0.312
                    1.5B_L19_DoM  0.75   375   0.211   0.253   0.301
                      7B_L15_DoM  0.75   375   0.213   0.259   0.307
                      neg_length  0.75   375   0.208   0.253   0.299
             combined_DoM+7B+len  0.75   375   0.216   0.259   0.304
                 combined_DoM+7B  0.75   375   0.216   0.259   0.304
    max_token_prob_cached_256tok  0.75   375   0.200   0.243   0.288
       neg_entropy_cached_256tok  0.75   375   0.200   0.240   0.288

=== v2 success criteria check ===
Targets: >=60% acc at 25% cov, >=40% acc at 50% cov
                          method   acc@25%             ci@25%   acc@50%             ci@50%
                    1.5B_L19_DoM     0.432 [0.34,0.53]= MISS     0.332 [0.27,0.39]= MISS
                      7B_L15_DoM     0.488 [0.41,0.58]= MISS     0.348 [0.28,0.42]=MAYBE
                      neg_length     0.448 [0.35,0.53]= MISS     0.320 [0.26,0.38]= MISS
             combined_DoM+7B+len     0.488 [0.41,0.58]= MISS     0.352 [0.29,0.42]=MAYBE
                 combined_DoM+7B     0.496 [0.41,0.58]= MISS     0.356 [0.30,0.42]=MAYBE
    max_token_prob_cached_256tok     0.224 [0.14,0.30]= MISS     0.260 [0.20,0.31]= MISS
       neg_entropy_cached_256tok     0.224 [0.14,0.30]= MISS     0.256 [0.20,0.31]= MISS

=== Combined LR coefficients (standardized features, 5 folds) ===
             feature     mean      std
        L19_DoM_proj    0.084    0.052
     7B_L15_DoM_proj    1.261    0.066
         neg_seq_len   -0.055    0.111

Saved: /home/musicofhel/topo-confidence/scratch/pathway10_rc_5fold_results.json
