1.5B states: (500, 29, 1536), NEW labels: 104/500
7B   states: (500, 29, 3584),   7B labels: 81/500
Split: train=400 pos=83, hold=100 pos=21, hold base rate=0.210
entropy_json: max_new_tokens=256, mean gen_len=222.9  (trajectories seq_len: mean=88.7, median=70.0, max=512)

=== Q1: 1.5B L19 DoM ===  (AUROC=0.823, AURC=0.597)
  cov  k_ans  k_ref   acc_ans   acc_ref
 0.10     10     90     0.600     0.167
 0.15     15     85     0.667     0.129
 0.20     20     80     0.650     0.100
 0.25     25     75     0.560     0.093
 0.30     30     70     0.467     0.100
 0.35     35     65     0.457     0.077
 0.40     40     60     0.450     0.050
 0.45     45     55     0.400     0.055
 0.50     50     50     0.360     0.060
 0.55     55     45     0.327     0.067
 0.60     60     40     0.317     0.050
 0.65     65     35     0.292     0.057
 0.70     70     30     0.271     0.067
 0.75     75     25     0.253     0.080
 0.80     80     20     0.250     0.050
 0.85     85     15     0.235     0.067
 0.90     90     10     0.233     0.000

=== Q2a: Random (bootstrap mean) ===
  cov  k_ans  k_ref   acc_ans   acc_ref
 0.10     10     90     0.207       nan
 0.15     15     85     0.208       nan
 0.20     20     80     0.216       nan
 0.25     25     75     0.214       nan
 0.30     30     70     0.210       nan
 0.35     35     65     0.211       nan
 0.40     40     60     0.209       nan
 0.45     45     55     0.208       nan
 0.50     50     50     0.211       nan
 0.55     55     45     0.211       nan
 0.60     60     40     0.211       nan
 0.65     65     35     0.211       nan
 0.70     70     30     0.210       nan
 0.75     75     25     0.210       nan
 0.80     80     20     0.210       nan
 0.85     85     15     0.209       nan
 0.90     90     10     0.210       nan

=== Q2b: Length (refuse longest) ===  (AUROC=0.832, AURC=0.625)
  cov  k_ans  k_ref   acc_ans   acc_ref
 0.10     10     90     0.700     0.156
 0.15     15     85     0.600     0.141
 0.20     20     80     0.550     0.125
 0.25     25     75     0.520     0.107
 0.30     30     70     0.500     0.086
 0.35     35     65     0.457     0.077
 0.40     40     60     0.450     0.050
 0.45     45     55     0.422     0.036
 0.50     50     50     0.380     0.040
 0.55     55     45     0.345     0.044
 0.60     60     40     0.333     0.025
 0.65     65     35     0.308     0.029
 0.70     70     30     0.286     0.033
 0.75     75     25     0.267     0.040
 0.80     80     20     0.250     0.050
 0.85     85     15     0.235     0.067
 0.90     90     10     0.222     0.100

=== Q2c: max_token_prob (256-tok run caveat) ===  (AUROC=0.593, AURC=0.774)
  cov  k_ans  k_ref   acc_ans   acc_ref
 0.10     10     90     0.200     0.211
 0.15     15     85     0.200     0.212
 0.20     20     80     0.200     0.212
 0.25     25     75     0.240     0.200
 0.30     30     70     0.233     0.200
 0.35     35     65     0.257     0.185
 0.40     40     60     0.250     0.183
 0.45     45     55     0.244     0.182
 0.50     50     50     0.260     0.160
 0.55     55     45     0.255     0.156
 0.60     60     40     0.267     0.125
 0.65     65     35     0.262     0.114
 0.70     70     30     0.243     0.133
 0.75     75     25     0.253     0.080
 0.80     80     20     0.250     0.050
 0.85     85     15     0.235     0.067
 0.90     90     10     0.222     0.100

=== Q2d: -entropy (same caveat) ===  (AUROC=0.600, AURC=0.766)
  cov  k_ans  k_ref   acc_ans   acc_ref
 0.10     10     90     0.300     0.200
 0.15     15     85     0.267     0.200
 0.20     20     80     0.200     0.212
 0.25     25     75     0.240     0.200
 0.30     30     70     0.233     0.200
 0.35     35     65     0.257     0.185
 0.40     40     60     0.225     0.200
 0.45     45     55     0.267     0.164
 0.50     50     50     0.280     0.140
 0.55     55     45     0.255     0.156
 0.60     60     40     0.267     0.125
 0.65     65     35     0.262     0.114
 0.70     70     30     0.243     0.133
 0.75     75     25     0.240     0.120
 0.80     80     20     0.250     0.050
 0.85     85     15     0.235     0.067
 0.90     90     10     0.222     0.100

=== Q3: 7B L15 DoM (trained on 7B labels) ===  (AUROC=0.828, AURC=0.599)
  cov  k_ans  k_ref   acc_ans   acc_ref
 0.10     10     90     0.600     0.167
 0.15     15     85     0.600     0.141
 0.20     20     80     0.500     0.138
 0.25     25     75     0.520     0.107
 0.30     30     70     0.500     0.086
 0.35     35     65     0.457     0.077
 0.40     40     60     0.450     0.050
 0.45     45     55     0.400     0.055
 0.50     50     50     0.380     0.040
 0.55     55     45     0.345     0.044
 0.60     60     40     0.317     0.050
 0.65     65     35     0.292     0.057
 0.70     70     30     0.271     0.067
 0.75     75     25     0.280     0.000
 0.80     80     20     0.263     0.000
 0.85     85     15     0.247     0.000
 0.90     90     10     0.233     0.000

=== Bootstrap 95% CIs on acc_answered ===
                   method   cov  n_ans     lo    med     hi
             1.5B L19 DoM  0.25     25  0.320  0.520  0.760
               7B L15 DoM  0.25     25  0.280  0.520  0.720
                  -length  0.25     25  0.320  0.520  0.720
           max_token_prob  0.25     25  0.080  0.240  0.440
                 -entropy  0.25     25  0.080  0.240  0.440
             1.5B L19 DoM  0.50     50  0.220  0.360  0.520
               7B L15 DoM  0.50     50  0.220  0.380  0.520
                  -length  0.50     50  0.240  0.380  0.540
           max_token_prob  0.50     50  0.140  0.260  0.380
                 -entropy  0.50     50  0.140  0.260  0.400
             1.5B L19 DoM  0.75     75  0.160  0.253  0.373
               7B L15 DoM  0.75     75  0.173  0.267  0.387
                  -length  0.75     75  0.173  0.267  0.373
           max_token_prob  0.75     75  0.147  0.253  0.360
                 -entropy  0.75     75  0.147  0.253  0.347

=== Head-to-head accuracy on answered subset ===
  cov   1.5B L19 DoM   7B L15 DoM  max_tok_p   -entropy    -length     random
 0.25      0.560       0.520       0.240       0.240       0.520       0.214
 0.50      0.360       0.380       0.260       0.280       0.380       0.211
 0.75      0.253       0.280       0.253       0.240       0.267       0.210

Holdout unconditional accuracy = 21.0%
v2 success targets: >=40% at 50% coverage, >=60% at 25% coverage

Saved: /home/musicofhel/topo-confidence/scratch/pathway10_risk_coverage_results.json
