======================================================================
Exp 3 / Phase 2: cross-scale analysis
======================================================================

(a) LOO PR contribution on 7B ...
  base PR_correct=26.873, PR_incorrect=19.514
  top-10 correct-group PR pushers: [255, 296, 344, 368, 119, 34, 257, 135, 461, 277]
  top-10 incorrect-group PR pushers: [227, 302, 188, 245, 9, 120, 381, 285, 284, 238]
  114.2s
(a') LOO PR contribution on 1.5B ...
  base PR_correct=19.405, PR_incorrect=20.521
  45.3s

(b) Three-way split ...
  both_right: n=230
    7B  prefill PR=26.26319122314453  final-tok PR=2.5862960815429688
    1.5B prefill PR=19.138492584228516  final-tok PR=4.122112274169922
  only_7b: n=136
    7B  prefill PR=25.153038024902344  final-tok PR=2.7125821113586426
    1.5B prefill PR=20.452476501464844  final-tok PR=8.533424377441406
  only_15b: n=13
    7B  prefill PR=8.139678955078125  final-tok PR=3.9766287803649902
    1.5B prefill PR=8.096715927124023  final-tok PR=3.1114680767059326
  both_wrong: n=121
    7B  prefill PR=19.14902687072754  final-tok PR=6.645295143127441
    1.5B prefill PR=17.906005859375  final-tok PR=7.827826976776123

(c) BBH per-subset prefill PR ...
  tracking_shuffled_objects_seven_objects: n=250 acc=0.124 n_correct=31 n_incorrect=219
    prefill:   PR_c=5.562 PR_i=5.978 ratio=0.930
    finaltok:  PR_c=3.121 PR_i=5.396 ratio=0.578
  logical_deduction_seven_objects: n=250 acc=0.060 n_correct=15 n_incorrect=235
    prefill:   PR_c=3.757 PR_i=4.560 ratio=0.824
    finaltok:  PR_c=2.910 PR_i=10.016 ratio=0.290
  web_of_lies: n=250 acc=0.540 n_correct=135 n_incorrect=115
    prefill:   PR_c=14.300 PR_i=14.170 ratio=1.009
    finaltok:  PR_c=2.958 PR_i=4.271 ratio=0.693

(d) D-bucket analysis ...
  bucket sizes: {'A_always_right': 207, 'B_recoverable': 68, 'C_never_right': 189, 'D_pathological': 36}
bucket                n  pr_prefill   pr_final  score_mean  len_mean
  A_always_right      207      18.722      4.056       2.830     422.3
  B_recoverable        68      16.647      7.547       0.789     612.6
  C_never_right       189      20.042      8.280      -3.343     738.6
  D_pathological       36      14.494      4.941      -1.156     526.8

  D vs other buckets (Mann-Whitney U, two-sided):
  D_vs_A: score p=8.85e-07 (D_mean_score=-1.156 vs 2.830); len p=3.01e-03 (D_mean_len=526.8 vs 422.3, d=0.55)
  D_vs_B: score p=2.76e-02 (D_mean_score=-1.156 vs 0.789); len p=7.38e-02 (D_mean_len=526.8 vs 612.6, d=-0.37)
  D_vs_C: score p=2.15e-03 (D_mean_score=-1.156 vs -3.343); len p=2.95e-06 (D_mean_len=526.8 vs 738.6, d=-0.84)

Saved: /home/musicofhel/topo-confidence/pathway11_h100/prefill_inversion/phase2_cross_scale.json
